// Jest Snapshot v1, https://goo.gl/fbAQLP

exports[`pages/projects/_translations should return the correct English translations 1`] = `
{
  "navigation": {
    "documents": "Documents",
    "examinationTimetable": "Examination timetable",
    "getUpdates": "Get updates",
    "haveYourSay": "Have your say",
    "index": "Project information",
    "register": "Register to have your say",
    "representations": "Relevant representations (registration comments)",
    "section51": "Section 51 advice",
  },
	"relatedGuides": {
		"heading": "Related guides",
		"process": "The process for Nationally Significant Infrastructure Projects (NSIPs)",
		"haveYourSay": "Have your say about a national infrastructure project",
		"navigationLabel": "Related guides navigation"
	}
}
`;

exports[`pages/projects/_translations should return the correct Welsh translations 1`] = `
{
  "navigation": {
    "documents": "Dogfennau",
    "examinationTimetable": "Amserlen yr archwiliad",
    "getUpdates": "Cael diweddariadau",
    "haveYourSay": "Dweud eich dweud",
    "index": "Gwybodaeth am y prosiect",
    "register": "Cofrestru i leisio'ch barn",
    "representations": "Sylwadau perthnasol (sylwadau cofrestru)",
    "section51": "Cyngor Adran 51",
  },
	"relatedGuides": {
		"heading": "Related guides ** Needs welsh translation",
		"process": "The process for Nationally Significant Infrastructure Projects (NSIPs) ** Needs welsh translation",
		"haveYourSay": "Have your say about a national infrastructure project ** Needs welsh translation",
		"navigationLabel": "Related guides navigation ** Needs welsh translation"
	}
}
`;
