// Jest Snapshot v1, https://goo.gl/fbAQLP

exports[`pages/cookies/_translations should return the correct English translations 1`] = `
{
  "aboutProject": {
    "details": {
      "heading1": "Use of language, hyperlinks and sensitive information",
      "heading2": "Examples of sensitive information",
      "listItem1": "comments from children",
      "listItem10": "genetics",
      "listItem11": "physical characteristics",
      "listItem12": "sex life",
      "listItem13": "sexual orientation",
      "listItem2": "information relating to children",
      "listItem3": "information relating to health",
      "listItem4": "information relating to crime",
      "listItem5": "race",
      "listItem6": "ethnic origin",
      "listItem7": "politics",
      "listItem8": "religion",
      "listItem9": "trade union membership",
      "paragraph1": "You should not use racist, inflammatory or abusive language, or include sensitive information (also called special category information) about yourself or others in your comments.",
      "paragraph2": "Do not include links to third party websites. You can include links to either GOV.UK or websites for chartered professional institutes like IEMA.",
      "paragraph3": "Sensitive information refers to:",
      "paragraph4": "It also means any information relating to an individual&#39;s:",
      "summaryText": "Do not include these details.",
    },
    "listItem1": "seen by the examining authority",
    "listItem2": "published on our website",
    "pageHeading": "What do you want to tell us about this proposed project?",
    "paragraph1": "You must include comments with your registration. Your comments must be about what you consider to be the main issues and impacts. You should include as much detail as possible and cover anything that may affect your day-to-day life.",
    "paragraph2": "This information will be:",
    "paragraph3": "You will be able to submit further comments during the examination of the application once you have registered",
    "textAreaLabel": "Registration comments",
  },
  "address": {
    "country": "Country",
    "line1": "Address line 1 <span class='govuk-visually-hidden'>of 3</span>",
    "line2": "Address line 2 <span class='govuk-visually-hidden'>of 3</span> (Optional)",
    "line3": "Town or city <span class='govuk-visually-hidden'>of 3</span> (Optional)",
    "pageHeading": "What is your address?",
    "postcode": "Postcode",
  },
  "areThey18": {
    "hint": "You can still register for them if they are under 18, but we will process their personal details in a different way.",
    "noHiddenText": "they're under 18",
    "pageHeading": "Are they 18 or over?",
    "yesHiddenText": "they're 18 or over",
  },
  "areYou18": {
    "hint": "You can still register to have your say if you are under 18, but we will process your personal details in a different way.",
    "noHiddenText": "I'm under 18",
    "pageHeading": "Are you 18 or over?",
    "yesHiddenText": "I'm 18 or older",
  },
  "checkYourAnswers": {
    "address": "Address",
    "agent": "On behalf of another person, a household or an organisation I do not work for",
    "areThey18": "Are they 18 or over?",
    "areYou18": "Are you 18 or over?",
    "changeAddressHiddenText": "your address",
    "changeAreThey18HiddenText": "if they are over 18",
    "changeAreYou18HiddenText": "if you are over 18",
    "changeCommentsHiddenText": "registration comments",
    "changeEmailHiddenText": "your email address",
    "changeHouseholdNameHiddenText": "the name of the household you are representing",
    "changeJobTitleOrRoleHiddenText": "your job title or volunteer role",
    "changeNameHiddenText": "your full name",
    "changeNumberHiddenText": "your telephone number",
    "changeOrganisationNameHiddenText": "the name of your organisation or charity",
    "changeOrganisationNameHiddenText2": "your organisation name",
    "changeOrganisationNameHiddenText3": "the name of the organisation or charity that you are representing",
    "changePersonNameHiddenText": "the name of the person you are representing",
    "changeRegisteringForHiddenText": "who are you registering for",
    "changeTheirAddressHiddenText": "their address",
    "changeTheirEmailHiddenText": "their email address",
    "changeTheirNumberHiddenText": "their telephone number",
    "changeWhoRepresentingHiddenText": "who are you representing for",
    "comments": "Registration comments",
    "email": "Email address",
    "heading1": "Personal details",
    "heading2": "Your details",
    "heading3": "Who you are representing",
    "householdName": "The name of the household you are representing",
    "jobTitleOrRole": "What is your job title or volunteer role?",
    "myself": "Myself",
    "name": "Full name",
    "number": "Telephone number",
    "organisation": "An organisation I work or volunteer for",
    "organisationName": "What is the name of your organisation or charity?",
    "organisationName2": "Organisation name",
    "organisationName3": "The name of the organisation or charity that you are representing",
    "pageHeading": "Check your answers before registering",
    "personName": "The name of the person you are representing",
    "registeringFor": "Who are you registering for?",
    "representingHousehold": "A household",
    "representingOrganisation": "An organisation or charity I do not work for",
    "representingPerson": "A person",
    "theirAddress": "Their address",
    "theirEmail": "Their email address",
    "theirNumber": "Their telephone number",
    "whoRepresenting": "Who are you representing?",
  },
  "complete": {
    "heading1": "Getting involved in the preliminary meeting",
    "heading2": "How and when to submit more information",
    "pageHeading": "Registration complete",
    "panel1": "Your reference number",
    "paragraph1": "We have sent a confirmation to: {{-email}}",
    "paragraph2": "We will contact you if we need more information about the comments you provided in the registration form.",
    "paragraph3": "After the registration period has closed, you will be sent a letter called the rule 6 letter, telling you when and where the preliminary meeting will be held. This is to talk about how the application will be examined. It will also include a draft timetable for the examination of the application.",
    "paragraph4": "We will let you know when the examination of this application starts.",
    "paragraph5": "You can submit more information by completing the form on the project page. You will need your interested party reference number to make sure your comments are included in the examination of the application.",
    "paragraph6": "You can check our guide to {{-link}}",
    "paragraph6LinkText": "find out more about having your say during the examination of the application (opens in new tab)",
    "paragraph7LinkText": "Go back to the project page",
    "paragraph8": "{{-link}} by completing a short survey.",
    "paragraph8LinkText": "Tell us what you thought about this service",
  },
  "declaration": {
    "listItem1": "contact you about the project or if we need more information",
    "listItem2": "let you know when you can submit more information",
    "pageHeading": "Declaration",
    "paragraph1": "By submitting this form, you are registering to have your say and telling us your registration comments.",
    "paragraph2": "The Examining Authority must consider your views when they recommend if the project should go ahead. We will contact you if we need more information about the comments you provided in the registration form.",
    "paragraph3": "You are agreeing that we will use your details to:",
    "paragraph4": "You are also agreeing that all comments you submit, along with your name, will be published on this website. No contact details will be made public.",
    "paragraph5": "Once we publish your comments, they cannot be removed from the website. You can withdraw your registration comments from the examination of the project and they will no longer be taken into account.",
  },
  "email": {
    "hint": "We will use your email address to send you information about this project. We will not publish your email address.",
    "pageHeading": "What is your email address?",
  },
  "index": {
    "closed": {
      "paragraph1": "The time period to register to have your say has closed.",
    },
    "open": {
      "buttonText": "Start now",
      "heading1": "You are registering to have your say about the {{-project}}",
      "heading2": "Writing your comments",
      "heading3": "Before you start",
      "heading4": "If you are registering yourself as an individual",
      "heading5": "If you are registering for an organisation you work or volunteer for",
      "heading6": "If you are registering on behalf of another person or organisation",
      "listItem1": "seen by the examining authority",
      "listItem10": "email address and telephone number",
      "listItem11": "registration comments about the project",
      "listItem12": "your full name",
      "listItem13": "your address",
      "listItem14": "your email address and telephone number",
      "listItem15": "the details of the person, household or organisation you are representing",
      "listItem16": "their registration comments about the project",
      "listItem2": "published on our website",
      "listItem3": "full name",
      "listItem4": "address",
      "listItem5": "email address and telephone number",
      "listItem6": "registration comments about the project",
      "listItem7": "your full name",
      "listItem8": "the name of the charity or organisation you work for",
      "listItem9": "your work address",
      "paragraph1": "Use this service to have your say about a national infrastructure project. We need your personal details and your comments about the {{-project}}.",
      "paragraph2": "You must include comments with your registration. Your comments must be about what you consider to be the main issues and impacts. You should include as much detail as possible and cover anything that may affect your day-to-day life.",
      "paragraph3": "This information will be:",
      "paragraph4": "You will be able to submit further comments during the examination of the application once you have registered.",
      "paragraph5": "You must submit your registration before 23:59 on {{-date}}.",
      "paragraph6": "You will need your:",
      "paragraph7": "You will need:",
      "paragraph8": "You will need:",
    },
    "pageHeading": "Register to have your say about a national infrastructure project",
    "pageTitle": "Register to have your say about a national infrastructure project - National Infrastructure Planning",
  },
  "jobTitleOrRole": {
    "pageHeading": "What is your job title or volunteer role?",
  },
  "name": {
    "hint": "<p>We will publish this on the website along with your comments about the project.</p><p>You must register as an individual. If your partner wants to register, they will have to fill in a separate form with their details.</p>",
    "pageHeading": "What is your full name?",
  },
  "nameHouseholdRepresenting": {
    "pageHeading": "What is the name of the household you are representing?",
  },
  "nameOrganisationRepresenting": {
    "pageHeading": "What is the full name of the organisation or charity that you are representing?",
  },
  "namePersonRepresenting": {
    "pageHeading": "What is the full name of the person you are representing?",
  },
  "number": {
    "hint": "We will use your phone number to contact you about the project if we cannot reach you by email. We will not publish your telephone number.",
    "pageHeading": "What is your telephone number?",
  },
  "organisationName": {
    "hint": "We will publish your organisation name, your client's name and their comments on the website.",
    "linkText1": "I don't work for an organisation",
    "pageHeading": "What is the name of the organisation you work for?",
  },
  "organisationOrCharityName": {
    "hint": "We will publish your organisation name on the website along with your comments about the project.",
    "pageHeading": "What is the name of your organisation or charity?",
  },
  "registerFor": {
    "option1": "Myself",
    "option2": "An organisation I work or volunteer for",
    "option3": "On behalf of another person, a household or an organisation I do not work for",
    "pageHeading": "Who are you registering for?",
    "pageTitle": "Who are you registering for - Register to have your say about a national infrastructure project -  National Infrastructure Planning",
  },
  "theirAddress": {
    "country": "Country",
    "hint": "We will not contact anyone using these contact details.",
    "line1": "Their Address line 1 <span class='govuk-visually-hidden'>of 3</span>",
    "line2": "Their address line 2 <span class='govuk-visually-hidden'>of 3</span> (Optional)",
    "line3": "Town or city <span class='govuk-visually-hidden'>of 3</span> (Optional)",
    "pageHeading": "What is their address?",
    "postcode": "Postcode",
  },
  "theirEmail": {
    "hint": "We will not contact anyone using these contact details.",
    "pageHeading": "What is their email address?",
  },
  "theirNumber": {
    "hint": "We will not contact anyone using these contact details.",
    "pageHeading": "What is their telephone number?",
  },
  "validationErrors": {
    "areThey18": {
      "empty": "Select yes if they are 18 or over",
    },
    "jobTitleOrRole": {
      "empty": "Enter your job title or volunteer role",
      "length": "Your job title or volunteer role must be 64 characters or less",
    },
    "nameHouseholdRepresenting": {
      "empty": "Enter the name of the household you are representing",
      "length": "Full name of the household you are representing must be between 3 and 64 characters",
    },
    "nameOrganisationRepresenting": {
      "empty": "Enter the full name of the organisation you are representing",
      "length": "Full name of the organisation you are representing must be between 3 and 64 characters",
    },
    "namePersonRepresenting": {
      "empty": "Enter the full name of the person you are representing",
      "length": "Full name of the person you are representing must be between 3 and 64 characters",
    },
    "organisationName": {
      "empty": "Enter the name of the organisation you work for",
      "length": "The name of the organisation you work for must be 255 characters or less",
    },
    "organisationOrCharityName": {
      "empty": "Enter your organisation or charity name",
      "length": "Name of your organisation or charity name must be 255 characters or less",
    },
    "theirEmailAddress": {
      "empty": "Enter their email address",
      "format": "Enter an email address in the correct format, like name@example.com",
      "length": "Email address must be between 3 and 255 characters",
    },
    "theirTelephoneNumber": {
      "empty": "Enter their telephone number",
      "format": "Enter a telephone number, like 01632 960 001, 07700 900 982 or 44 808 157 0192",
      "length": "Telephone number must be 255 characters or less",
    },
    "whoRepresenting": {
      "empty": "Select who you are representing",
    },
  },
  "whoRegisteringFor": {
    "agent": "Registering on behalf of someone else",
    "myself": "Registering for myself",
    "organisation": "Registering for an organisation",
  },
  "whoRepresenting": {
    "option1": "A person",
    "option2": "An organisation or charity I do not work for",
    "option3": "A household",
    "pageHeading": "Who are you representing?",
  },
}
`;

exports[`pages/cookies/_translations should return the correct Welsh translations 1`] = `
{
  "aboutProject": {
    "details": {
      "heading1": "Defnydd o iaith, hyperddolenni a gwybodaeth sensitif",
      "heading2": "Enghreifftiau o wybodaeth sensitif",
      "listItem1": "sylwadau gan blant",
      "listItem10": "geneteg",
      "listItem11": "nodweddion corfforol",
      "listItem12": "bywyd rhywiol",
      "listItem13": "cyfeiriadedd rhywiol",
      "listItem2": "gwybodaeth yn ymwneud â phlant",
      "listItem3": "gwybodaeth yn ymwneud ag iechyd",
      "listItem4": "gwybodaeth yn ymwneud â throseddu",
      "listItem5": "hil",
      "listItem6": "tarddiad ethnig",
      "listItem7": "gwleidyddiaeth",
      "listItem8": "crefydd",
      "listItem9": "aelodaeth ag undeb llafur",
      "paragraph1": "Ni ddylech ddefnyddio iaith hiliol, ymfflamychol na difrïol, na chynnwys gwybodaeth sensitif (a elwir yn wybodaeth categori arbennig hefyd) amdanoch chi'ch hun neu bobl eraill yn eich sylwadau.",
      "paragraph2": "Peidiwch â chynnwys dolenni i wefannau trydydd parti. Gallwch gynnwys dolenni i naill ai GOV.UK neu wefannau ar gyfer sefydliadau proffesiynol siartredig fel y Sefydliad Rheoli ac Asesu Amgylcheddol (IEMA).",
      "paragraph3": "Mae gwybodaeth sensitif yn cyfeirio at:",
      "paragraph4": "Mae hefyd yn golygu unrhyw wybodaeth sy'n ymwneud â nodweddion canlynol unigolyn:",
      "summaryText": "Peidiwch â chynnwys y manylion hyn.",
    },
    "listItem1": "yn cael ei gweld gan yr Awdurdod Archwilio",
    "listItem2": "yn cael ei chyhoeddi ar ein gwefan",
    "pageHeading": "Beth ydych chi eisiau ei ddweud wrthym am y prosiect arfaethedig hwn?",
    "paragraph1": "Mae'n rhaid i chi gynnwys sylwadau gyda'ch cofrestriad. Mae'n rhaid i'ch sylwadau ymwneud â'r prif faterion ac effeithiau, yn eich barn chi. Dylech gynnwys cymaint o fanylion â phosibl a sôn am unrhyw beth a allai effeithio ar eich bywyd beunyddiol.",
    "paragraph2": "Bydd y wybodaeth hon:",
    "paragraph3": "Gallwch gyflwyno mwy o sylwadau yn ystod yr archwiliad o'r cais pan fyddwch wedi cofrestru.",
    "textAreaLabel": "Sylwadau cofrestru",
  },
  "address": {
    "country": "Gwlad",
    "line1": "Llinell gyfeiriad 1<span class='govuk-visually-hidden'> o 3</span>",
    "line2": "Llinell gyfeiriad 2<span class='govuk-visually-hidden'> o 3</span> (Dewisol)",
    "line3": "Tref neu ddinas<span class='govuk-visually-hidden'> o 3</span> (Dewisol)",
    "pageHeading": "Beth yw'ch cyfeiriad?",
    "postcode": "Cod post",
  },
  "areThey18": {
    "hint": "Gallwch gofrestru ar ei ran o hyd os yw'n iau na 18 oed, ond byddwn yn prosesu ei fanylion personol mewn ffordd wahanol.",
    "noHiddenText": "maen nhw o dan 18 oed",
    "pageHeading": "A yw'n 18 oed neu'n hŷn?",
    "yesHiddenText": "maen nhw'n 18 oed neu'n hŷn",
  },
  "areYou18": {
    "hint": "Gallwch gofrestru i leisio'ch barn os ydych yn iau na 18 oed hefyd, ond byddwn yn prosesu'ch manylion personol mewn ffordd wahanol.",
    "noHiddenText": "rwyf yn iau na 18 oed",
    "pageHeading": "A ydych chi'n 18 oed neu'n hŷn?",
    "yesHiddenText": "rwyf yn 18 oed neu'n hŷn",
  },
  "checkYourAnswers": {
    "address": "Cyfeiriad",
    "agent": "Ar ran unigolyn arall, aelwyd neu sefydliad nad wyf yn gweithio iddo",
    "areThey18": "A yw'n 18 oed neu'n hŷn?",
    "areYou18": "A ydych chi'n 18 oed neu'n hŷn?",
    "changeAddressHiddenText": "eich cyfeiriad",
    "changeAreThey18HiddenText": "os ydyn nhw dros 18",
    "changeAreYou18HiddenText": "os ydych dros 18",
    "changeCommentsHiddenText": "sylwadau cofrestru",
    "changeEmailHiddenText": "eich cyfeiriad e-bost",
    "changeHouseholdNameHiddenText": "enw'r cartref rydych chi'n ei gynrychioli",
    "changeJobTitleOrRoleHiddenText": "teitl eich swydd neu rôl gwirfoddolwr",
    "changeNameHiddenText": "eich enw llawn",
    "changeNumberHiddenText": "eich rhif ffôn",
    "changeOrganisationNameHiddenText": "enw eich sefydliad neu elusen",
    "changeOrganisationNameHiddenText2": "enw eich sefydliad",
    "changeOrganisationNameHiddenText3": "enw'r sefydliad neu elusen yr ydych yn ei gynrychioli",
    "changePersonNameHiddenText": "enw'r person rydych chi'n ei gynrychioli",
    "changeRegisteringForHiddenText": "pwy ydych chi'n cofrestru am",
    "changeTheirAddressHiddenText": "eu cyfeiriad ",
    "changeTheirEmailHiddenText": "eu cyfeiriad e-bost",
    "changeTheirNumberHiddenText": "eu rhif ffôn",
    "changeWhoRepresentingHiddenText": "pwy ydych chi'n cynrychioli am",
    "comments": "Sylwadau cofrestru",
    "email": "Cyfeiriad e-bost",
    "heading1": "Manylion personol",
    "heading2": "Eich manylion",
    "heading3": "Pwy rydych chi'n ei gynrychioli",
    "householdName": "Enw'r aelwyd rydych chi'n ei chynrychioli",
    "jobTitleOrRole": "Beth yw teitl eich swydd neu'ch rôl wirfoddoli?",
    "myself": "Fy hun",
    "name": "Enw llawn",
    "number": "Rhif ffôn",
    "organisation": "Sefydliad rwyf yn gweithio neu'n gwirfoddoli iddo",
    "organisationName": "Beth yw enw eich sefydliad neu'ch elusen?",
    "organisationName2": "Enw'r sefydliad",
    "organisationName3": "Enw'r sefydliad neu elusen yr ydych yn ei gynrychioli",
    "pageHeading": "Gwiriwch eich atebion cyn cofrestru",
    "personName": "Enw'r person yr ydych yn ei gynrychioli",
    "registeringFor": "Ar ran pwy ydych chi'n cofrestru?",
    "representingHousehold": "Aelwyd",
    "representingOrganisation": "Sefydliad neu elusen nad wyf yn gweithio iddo/iddi",
    "representingPerson": "Unigolyn",
    "theirAddress": "Ei gyfeiriad",
    "theirEmail": "Ei gyfeiriad e-bost",
    "theirNumber": "Ei rif ffôn",
    "whoRepresenting": "Pwy ydych chi'n ei gynrychioli?",
  },
  "complete": {
    "heading1": "Cymryd rhan yn y cyfarfod rhagarweiniol",
    "heading2": "Sut a phryd i gyflwyno mwy o wybodaeth",
    "pageHeading": "Cofrestru wedi'i gwblhau",
    "panel1": "Eich rhif cyfeirnod",
    "paragraph1": "Rydym wedi anfon e-bost cadarnhau at: {{-email}}",
    "paragraph2": "Byddwn yn cysylltu â chi os bydd arnom angen mwy o wybodaeth am y sylwadau a roddwyd gennych ar y ffurflen gofrestru.",
    "paragraph3": "Ar ôl i'r cyfnod cofrestru gau, bydd llythyr a elwir yn llythyr rheol 6 yn cael ei anfon atoch, sy'n dweud wrthych pryd a ble y bydd y cyfarfod rhagarweiniol yn cael ei gynnal. Diben y cyfarfod hwn yw trafod sut bydd y cais yn cael ei archwilio. Bydd hefyd yn cynnwys amserlen ddrafft ar gyfer yr archwiliad o'r cais.",
    "paragraph4": "Byddwn yn rhoi gwybod i chi pan fydd yr archwiliad o'r cais hwn yn dechrau.",
    "paragraph5": "Gallwch gyflwyno mwy o wybodaeth trwy lenwi'r ffurflen ar dudalen y prosiect. Bydd arnoch angen eich rhif cyfeirnod parti â buddiant i sicrhau bod eich sylwadau'n cael eu cynnwys yn yr archwiliad o'r cais.",
    "paragraph6": "Gallwch wirio ein canllaw i {{-link}}",
    "paragraph6LinkText": "gael gwybod mwy am leisio'ch barn yn ystod yr archwiliad o'r cais (sy'n agor mewn tab newydd).",
    "paragraph7LinkText": "Dychwelyd i dudalen y prosiect",
    "paragraph8": "{{-link}} trwy gwblhau arolwg byr.",
    "paragraph8LinkText": "Rhowch eich barn i ni am y gwasanaeth hwn",
  },
  "declaration": {
    "listItem1": "gysylltu â chi ynglŷn â'r prosiect neu os bydd arnom angen mwy o wybodaeth",
    "listItem2": "rhoi gwybod i chi pryd y gallwch gyflwyno mwy o wybodaeth",
    "pageHeading": "Datganiad",
    "paragraph1": "Trwy gyflwyno'r ffurflen hon, rydych yn cofrestru i leisio'ch barn a rhoi eich sylwadau cofrestru i ni.",
    "paragraph2": "Mae'n rhaid i'r Awdurdod Archwilio ystyried eich safbwyntiau pan fydd yn argymell a ddylai'r prosiect fynd ymlaen. Byddwn yn cysylltu â chi os bydd arnom angen mwy o wybodaeth am y sylwadau a roddwyd gennych ar y ffurflen gofrestru.",
    "paragraph3": "Rydych yn cytuno i ni ddefnyddio'ch manylion i:",
    "paragraph4": "Rydych hefyd yn cytuno i'r holl sylwadau a gyflwynwch, ynghyd â'ch enw, gael eu cyhoeddi ar y wefan hon. Ni fydd unrhyw fanylion cyswllt yn cael eu cyhoeddi.",
    "paragraph5": "Pan fyddwn yn cyhoeddi'ch sylwadau, ni ellir eu dileu o'r wefan. Gallwch dynnu'ch sylwadau cofrestru yn ôl o'r archwiliad o'r prosiect ac ni fyddant yn cael eu hystyried mwyach.",
  },
  "email": {
    "hint": "Byddwn yn defnyddio'ch cyfeiriad e-bost i anfon gwybodaeth atoch am y prosiect hwn. Ni fyddwn yn cyhoeddi eich cyfeiriad e-bost.",
    "pageHeading": "Beth yw'ch cyfeiriad e-bost?",
  },
  "index": {
    "closed": {
      "paragraph1": "Mae'r cyfnod amser i gofrestru i ddweud eich dweud wedi cau.",
    },
    "open": {
      "buttonText": "Dechrau nawr",
      "heading1": "Rydych yn cofrestru i leisio'ch barn ynghylch {{-project}}",
      "heading2": "Ysgrifennu'ch sylwadau",
      "heading3": "Cyn i chi ddechrau",
      "heading4": "Os ydych yn cofrestru'ch hun fel unigolyn",
      "heading5": "Os ydych yn cofrestru ar ran sefydliad rydych yn gweithio neu'n gwirfoddoli iddo",
      "heading6": "Os ydych yn cofrestru ar ran unigolyn neu sefydliad arall",
      "listItem1": "yn cael ei gweld gan yr awdurdod archwilio",
      "listItem10": "cyfeiriad e-bost a rhif ffôn",
      "listItem11": "sylwadau cofrestru ynglŷn â'r prosiect",
      "listItem12": "eich enw llawn",
      "listItem13": "eich cyfeiriad",
      "listItem14": "eich cyfeiriad e-bost a'ch rhif ffôn",
      "listItem15": "manylion yr unigolyn, yr aelwyd neu'r sefydliad rydych yn ei gynrychioli",
      "listItem16": "ei sylwadau cofrestru ynglŷn â'r prosiect",
      "listItem2": "yn cael ei chyhoeddi ar ein gwefan",
      "listItem3": "eich enw llawn",
      "listItem4": "eich cyfeiriad",
      "listItem5": "eich cyfeiriad e-bost a'ch rhif ffôn",
      "listItem6": "eich sylwadau cofrestru ynglŷn â'r prosiect",
      "listItem7": "eich enw llawn",
      "listItem8": "enw'r elusen neu'r sefydliad rydych yn gweithio iddi/iddo",
      "listItem9": "eich cyfeiriad gwaith",
      "paragraph1": "Defnyddiwch y gwasanaeth hwn i leisio'ch barn am brosiect seilwaith cenedlaethol. Mae arnom angen eich manylion personol a'ch sylwadau ynghylch {{-project}}.",
      "paragraph2": "Mae'n rhaid i chi gynnwys sylwadau gyda'ch cofrestriad. Mae'n rhaid i'ch sylwadau ymwneud â'r prif faterion ac effeithiau, yn eich barn chi. Dylech gynnwys cymaint o fanylion â phosibl a sôn am unrhyw beth a allai effeithio ar eich bywyd beunyddiol.",
      "paragraph3": "Bydd y wybodaeth hon:",
      "paragraph4": "Gallwch gyflwyno mwy o sylwadau yn ystod yr archwiliad o'r cais pan fyddwch wedi cofrestru.",
      "paragraph5": "Mae'n rhaid i chi gyflwyno'ch cofrestriad cyn 23:59 ar {{-date}}.",
      "paragraph6": "Bydd arnoch angen:",
      "paragraph7": "Bydd arnoch angen:",
      "paragraph8": "Bydd arnoch angen:",
    },
    "pageHeading": "Cofrestru i leisio'ch barn am brosiect seilwaith cenedlaethol",
    "pageTitle": "Cofrestru i leisio'ch barn am brosiect seilwaith cenedlaethol - Cynllunio Seilwaith Cenedlaethol",
  },
  "jobTitleOrRole": {
    "pageHeading": "Beth yw teitl eich swydd neu'ch rôl wirfoddoli?",
  },
  "name": {
    "hint": "<p>Byddwn yn cyhoeddi hwn ar y wefan ynghyd â'ch sylwadau ar y prosiect.</p><p>Mae'n rhaid i chi gofrestru fel unigolyn. Os yw'ch partner eisiau cofrestru, bydd rhaid iddo lenwi ffurflen ar wahân gyda'i fanylion.</p>",
    "pageHeading": "Beth yw'ch enw llawn?",
  },
  "nameHouseholdRepresenting": {
    "pageHeading": "Beth yw enw'r aelwyd rydych chi'n ei chynrychioli?",
  },
  "nameOrganisationRepresenting": {
    "pageHeading": "Beth yw enw llawn y sefydliad neu'r elusen rydych chi'n ei gynrychioli/chynrychioli?",
  },
  "namePersonRepresenting": {
    "pageHeading": "Beth yw enw llawn yr unigolyn rydych chi'n ei gynrychioli?",
  },
  "number": {
    "hint": "Byddwn yn defnyddio'ch rhif ffôn i gysylltu â chi ynglŷn â'r prosiect os na allwn gysylltu â chi trwy e-bost. Ni fyddwn yn cyhoeddi eich rhif ffôn.",
    "pageHeading": "Beth yw'ch rhif ffôn?",
  },
  "organisationName": {
    "hint": "Byddwn yn cyhoeddi enw eich sefydliad, enw eich cleient a'i sylwadau ar y wefan.",
    "linkText1": "Dydw i ddim yn gweithio i sefydliad",
    "pageHeading": "Beth yw enw'r sefydliad rydych yn gweithio iddo?",
  },
  "organisationOrCharityName": {
    "hint": "Byddwn yn cyhoeddi enw eich sefydliad ar y wefan ynghyd â'ch sylwadau ynglŷn â'r prosiect.",
    "pageHeading": "Beth yw enw eich sefydliad neu'ch elusen?",
  },
  "registerFor": {
    "option1": "Fi fy hun",
    "option2": "Sefydliad rwyf yn gweithio neu'n gwirfoddoli iddo",
    "option3": "Ar ran unigolyn arall, aelwyd neu sefydliad nad wyf yn gweithio iddo",
    "pageHeading": "Ar ran pwy ydych chi'n cofrestru?",
    "pageTitle": "Ar ran pwy ydych chi'n cofrestru - Cofrestru i leisio'ch barn am brosiect seilwaith cenedlaethol - Cynllunio Seilwaith Cenedlaethol",
  },
  "theirAddress": {
    "country": "Gwlad",
    "hint": "Ni fyddwn yn cysylltu â neb gan ddefnyddio'r manylion cyswllt hyn.",
    "line1": "Ei gyfeiriad <span class='govuk-visually-hidden'> o 3</span>",
    "line2": "Ei gyfeiriad - llinell 2<span class='govuk-visually-hidden'> o 3</span> (Dewisol)",
    "line3": "Tref neu ddinas<span class='govuk-visually-hidden'> o 3</span> (Dewisol)",
    "pageHeading": "Beth yw ei gyfeiriad?",
    "postcode": "Cod post",
  },
  "theirEmail": {
    "hint": "Ni fyddwn yn cysylltu â neb gan ddefnyddio'r manylion cyswllt hyn.",
    "pageHeading": "Beth yw ei gyfeiriad e-bost?",
  },
  "theirNumber": {
    "hint": "Ni fyddwn yn cysylltu â neb gan ddefnyddio'r manylion cyswllt hyn.",
    "pageHeading": "Beth yw ei rif ffôn?",
  },
  "validationErrors": {
    "areThey18": {
      "empty": "Dewiswch 'ydyw' os yw'n 18 oed neu'n hŷn",
    },
    "jobTitleOrRole": {
      "empty": "Nodwch deitl eich swydd neu'ch rôl wirfoddoli",
      "length": "Mae'n rhaid i deitl eich swydd neu'ch rôl wirfoddoli gynnwys 64 o nodau neu lai",
    },
    "nameHouseholdRepresenting": {
      "empty": "Rhowch enw'r cartref yr ydych yn ei gynrychioli",
      "length": "Rhaid i enw llawn y cartref yr ydych yn ei gynrychioli fod rhwng 3 a 64 nod",
    },
    "nameOrganisationRepresenting": {
      "empty": "Rhowch enw llawn y sefydliad yr ydych yn ei gynrychioli",
      "length": "Rhaid i enw llawn y sefydliad yr ydych yn ei gynrychioli fod rhwng 3 a 64 nod",
    },
    "namePersonRepresenting": {
      "empty": "Nodwch enw llawn yr unigolyn rydych chi'n ei gynrychioli",
      "length": "Mae'n rhaid i enw llawn yr unigolyn rydych chi'n ei gynrychioli gynnwys rhwng 3 a 64 o nodau",
    },
    "organisationName": {
      "empty": "Nodwch enw'r sefydliad rydych yn gweithio iddo",
      "length": "Mae'n rhaid i enw'r sefydliad rydych yn gweithio iddo gynnwys 255 o nodau neu lai",
    },
    "organisationOrCharityName": {
      "empty": "Nodwch enw eich sefydliad neu'ch elusen",
      "length": "Mae'n rhaid i enw eich sefydliad neu'ch elusen gynnwys 255 o nodau neu lai",
    },
    "theirEmailAddress": {
      "empty": "Nodwch eich cyfeiriad e-bost",
      "format": "Nodwch gyfeiriad e-bost yn y fformat cywir, fel enw@enghraifft.com",
      "length": "Mae'n rhaid i'ch cyfeiriad e-bost gynnwys rhwng 3 a 255 o nodau",
    },
    "theirTelephoneNumber": {
      "empty": "Nodwch eich rhif ffôn",
      "format": "Nodwch rif ffôn, fel 01632 960 001, 07700 900 982 neu 44 808 157 0192",
      "length": "Mae'n rhaid i'ch rhif ffôn gynnwys 255 o nodau neu lai",
    },
    "whoRepresenting": {
      "empty": "Dewiswch bwy rydych chi'n ei gynrychioli",
    },
  },
  "whoRegisteringFor": {
    "agent": "Cofrestru ar ran rhywun arall",
    "myself": "Cofrestru i mi fy hun",
    "organisation": "Cofrestru ar gyfer sefydliad",
  },
  "whoRepresenting": {
    "option1": "Unigolyn",
    "option2": "Sefydliad neu elusen nad wyf yn gweithio iddo/iddi",
    "option3": "Aelwyd",
    "pageHeading": "Pwy ydych chi'n ei gynrychioli?",
  },
}
`;
