// Jest Snapshot v1, https://goo.gl/fbAQLP

exports[`pages/examination/_translations should return the correct English translations 1`] = `
{
  "aboutProject": {
    "heading1": "About the project",
    "linkText1": "View the developer's website",
    "paragraph1": "Type of application:",
    "paragraph2": "Name of applicant:",
  },
  "contact": {
    "heading1": "Contact us",
    "heading2": "Telephone",
    "heading3": "Email",
    "heading4": "Alternative formats",
    "paragraph1": "If you have an interested party number, have it with you when you call.",
    "paragraph2": "Telephone:",
    "paragraph3": "When writing an email, quote the name of the project in the subject line.",
    "paragraph4": "We aim to respond within 10 working days.",
    "paragraph5": "Call or email to ask for project documents in alternative formats such as PDF, large print, easy read, audio recording or braille.",
  },
  "emailRequest": {
    "paragraph1": "You may have recently gained an interest in land affected by a development. If the developer did not tell you the application was accepted or you did not register to have your say you can still request to be an interested party.",
    "paragraph2": "You need to contact the project team, they will ask the Examining Authority if you can be an interested party and have your say.",
    "paragraph3": "Email {{-link}} with your request to become an interested party.",
  },
  "getUpdates": {
    "heading1": "Get updates",
    "listItem1": "updates on project progress",
    "listItem2": "information on how to have your say",
    "listItem3": "notifications when key documents are published",
    "paragraph1": "Enter your email address to receive:",
    "paragraph2": "Read the {{-link}} to see how we handle your information.",
    "paragraph2LinkText": "privacy notice",
  },
  "heading1": "Project information",
  "latestUpdateBanner": {
    "latestUpdate": "Latest update",
    "viewAllUpdates": "View all updates",
  },
  "materialChangeProjectStage": {
    "stage1name": "Pre-application",
    "stage2name": "Application received",
    "stage3name": "Application published",
    "stage4name": "Examination",
    "stage5name": "Recommendation",
    "stage6name": "Decision",
    "stage7name": "Post-decision",
  },
  "projectLocation": {
    "heading1": "Project location",
  },
  "projectStage": {
    "acceptance": {
      "listItem1": "the acceptance decision",
      "listItem2": "the consultation representations received from the local councils",
      "listItem3": "publish the reasons why it was not accepted",
      "listItem4": "remove any documentation that has been published from this project page",
      "paragraph1": "The decision whether to accept the application for examination will be made by {{-date}}.",
      "paragraph2": "If the application is accepted, we will publish:",
      "paragraph3": "If the application is not accepted, we will:",
      "paragraph4": "There is no opportunity to make comments on the application at this stage.",
    },
    "decision": {
      "paragraph1": "The date set for this to be completed is {{-date}}",
    },
    "examination": {
      "linkText1": "deadlines set out in the examination timetable",
      "linkText2": "view the rule 8 letter",
      "linkText3": "Find out more about the examination of the application",
      "paragraph1": "During the examination stage, anyone who has registered to have their say can submit comments at the {{-link}}. You may also attend hearings, if hearings are held.",
      "paragraph2": "You can also {{-link}} to find out more about what you can do during the examination stage.",
      "paragraph3": "{{-link}} stage.",
    },
    "heading1": "Project stage",
    "paragraph1": "This project is at the {{-stage}} stage.",
    "postDecision": {
      "granted": "granted",
      "paragraph1": "This application was {{-decision}} on {{-date}}.",
      "paragraph2": "This application was decided on {{-date}}.",
      "refused": "refused",
    },
    "preapplication": {
      "paragraph1": "The application is expected to be submitted {{-date}}.",
      "paragraph2": "When we receive the application, we have 28 days to decide whether to accept it for examination.",
      "paragraph3": "If we accept the application, you will then be able to register to have your say and view all the application documents.",
    },
    "preexamination": {
      "preReps": {
        "linkText1": "Find out more about registering to have your say.",
        "paragraph1": "You can view the project application documents to find out more about the application.",
        "paragraph2": "You will be able to register to have your say when the registration period opens.",
      },
      "prelim": {
        "linkText1": "rule 6 letter",
        "linkText2": "Find out more about getting involved in the preliminary meeting",
        "paragraph1": "The preliminary meeting for this project is on: {{-date}}",
        "paragraph2": "You can check the {{-link}} to find out how to get involved.",
        "paragraph3": "In this meeting, the Examining Authority sets out how they examine the application. This includes the examination timetable and the issues they will focus on during examination.",
      },
      "repsClosed": {
        "paragraph1": "The registration period to have your say about this project has closed. If you are not registered and you submit information during the examination stage, this may not be included.",
        "paragraph2": "Contact the project case team to find out more about how to get involved if you are not registered.",
      },
      "repsOpen": {
        "buttonText1": "Register to have your say",
        "linkText1": "register to have your say",
        "paragraph1": "If you want to comment on this proposed project, you can now {{-link}}",
        "paragraph2": " Registration closes on {{-date}} at 23:59.",
      },
      "repsPublished": {
        "linkText1": "view comments from other people who registered",
        "paragraph1": "We have now published all registration comments.",
        "paragraph2": "You can {{-link}}.",
      },
    },
    "recommendation": {
      "paragraph1": "The date set for this to be completed is {{-date}}",
    },
    "stage1name": "Pre-application",
    "stage2name": "Acceptance",
    "stage3name": "Pre-examination",
    "stage4name": "Examination",
    "stage5name": "Recommendation",
    "stage6name": "Decision",
    "stage7name": "Post-decision",
    "withdrawn": {
      "paragraph1": "This project has been withdrawn.",
      "paragraph2": "You will be able to view any documents and information until the project is archived.",
    },
  },
  "stageProgress": {
    "completed": "Completed",
    "inProgress": "In progress",
    "notStarted": "Not started",
  },
  "subsectors": {
    "BC01": "Office use",
    "BC02": "Research and Development of Products or Processes",
    "BC03": "An Industrial Process or Processes",
    "BC04": "Storage or Distribution of Goods",
    "BC05": "Conferences",
    "BC06": "Exhibitions",
    "BC07": "Sport",
    "BC08": "Leisure",
    "BC09": "Tourism",
    "EN01": "Generating Stations",
    "EN02": "Electric Lines",
    "EN03": "Underground Gas Storage Facilities",
    "EN04": "LNG Facilities",
    "EN05": "Gas Reception Facilities",
    "EN06": "Gas Transporter Pipe-lines",
    "EN07": "Other Pipe-lines",
    "TR01": "Highways",
    "TR02": "Airports",
    "TR03": "Harbour Facilities",
    "TR04": "Railways",
    "TR05": "Rail Freight Interchanges",
    "WA01": "Dams and Reservoirs",
    "WA02": "Transfer of Water Resources",
    "WS01": "Hazardous Waste Facilities",
    "WW01": "Waste Water treatment Plants",
  },
}
`;

exports[`pages/examination/_translations should return the correct Welsh translations 1`] = `
{
  "aboutProject": {
    "heading1": "Ynglŷn â'r prosiect",
    "linkText1": "Gweld gwefan y datblygwr",
    "paragraph1": "Y math o gais:",
    "paragraph2": "Enw'r ymgeisydd:",
  },
  "contact": {
    "heading1": "Cysylltu â ni",
    "heading2": "Ffoniwch",
    "heading3": "Anfonwch neges e-bost",
    "heading4": "Fformatau amgen",
    "paragraph1": "Os oes gennych rif parti â buddiant, cadwch ef wrth law pan fyddwch yn ffonio.",
    "paragraph2": "Rhif ffôn:",
    "paragraph3": "Pan fyddwch yn ysgrifennu neges e-bost, rhowch enw'r prosiect yn y llinell bwnc.",
    "paragraph4": "Ceisiwn ymateb o fewn 10 niwrnod gwaith.",
    "paragraph5": "Ffoniwch neu anfonwch neges e-bost i ofyn am ddogfennau'r prosiect mewn fformat amgen fel PDF, print bras, fersiwn hawdd ei darllen, recordiad sain neu braille.",
  },
  "emailRequest": {
    "paragraph1": "Efallai eich bod wedi ennill buddiant yn ddiweddar mewn tir y mae datblygiad yn effeithio arno. Os nad oedd y datblygwr wedi dweud wrthych fod y cais wedi cael ei dderbyn neu os na wnaethoch gofrestru i leisio'ch barn, gallwch ofyn am gael bod yn barti â buddiant o hyd.",
    "paragraph2": "Mae angen i chi gysylltu â thîm y prosiect a fydd yn gofyn i'r Awdurdod Archwilio a allwch fod yn barti â buddiant a lleisio'ch barn.",
    "paragraph3": "Anfonwch neges e-bost at {{-link}} i ofyn am gael bod yn barti â buddiant.",
  },
  "getUpdates": {
    "heading1": "Cael diweddariadau",
    "listItem1": "diweddariadau ar gynnydd y prosiect",
    "listItem2": "gwybodaeth ynglŷn â sut i leisio'ch barn",
    "listItem3": "hysbysiadau pan fydd dogfennau allweddol yn cael eu cyhoeddi",
    "paragraph1": "Rhowch eich cyfeiriad e-bost i gael:",
    "paragraph2": "Darllenwch yr {{-link}} i gael gwybod sut rydym yn trin eich gwybodaeth.",
    "paragraph2LinkText": "hysbysiad preifatrwydd",
  },
  "heading1": "Gwybodaeth am y prosiect",
  "latestUpdateBanner": {
    "latestUpdate": "Diweddariad diweddaraf",
    "viewAllUpdates": "Gweld yr holl ddiweddariadau",
  },
  "materialChangeProjectStage": {
    "stage1name": "Pre-application",
    "stage2name": "Application received",
    "stage3name": "Application published",
    "stage4name": "Examination",
    "stage5name": "Recommendation",
    "stage6name": "Decision",
    "stage7name": "Post-decision",
  },
  "projectLocation": {
    "heading1": "Lleoliad y prosiect",
  },
  "projectStage": {
    "acceptance": {
      "listItem1": "y penderfyniad derbyn",
      "listItem2": "y sylwadau ymgynghori a gafwyd gan y cynghorau lleol",
      "listItem3": "cyhoeddi'r rhesymau pam na chafodd ei dderbyn",
      "listItem4": "dileu unrhyw ddogfennau a gyhoeddwyd o'r dudalen brosiect hon",
      "paragraph1": "Bydd y penderfyniad ynglŷn â ph'un ai derbyn y cais i'w archwilio yn cael ei wneud erbyn {{-date}}.",
      "paragraph2": "Os derbynnir y cais, byddwn yn cyhoeddi'r canlynol:",
      "paragraph3": "Os na dderbynnir y cais, byddwn yn:",
      "paragraph4": "Nid oes cyfle i wneud sylwadau ar y cais yn ystod y cam hwn.",
    },
    "decision": {
      "paragraph1": "Y dyddiad a bennwyd ar gyfer cwblhau hyn yw {{-date}}",
    },
    "examination": {
      "linkText1": "terfynau amser a nodir yn amserlen yr archwiliad",
      "linkText2": "ddarllen y llythyr rheol 8",
      "linkText3": "Dysgwch fwy am y cam archwilio'r cais",
      "paragraph1": "Yn ystod y cam archwilio, gall unrhyw un sydd wedi cofrestru i leisio'i farn gyflwyno sylwadau erbyn y {{-link}}. Cewch fynychu gwrandawiadau hefyd, os cânt eu cynnal.",
      "paragraph2": "Gallwch hefyd {{-link}} i gael gwybod mwy am yr hyn y gallwch ei wneud yn ystod y cam archwilio.",
      "paragraph3": "{{-link}}.",
    },
    "heading1": "Cam y prosiect",
    "paragraph1": "Mae'r prosiect hwn ar y cam {{-stage}}.",
    "postDecision": {
      "granted": "Caniatawyd",
      "paragraph1": "{{-decision}} y cais hwn ar {{-date}}.",
      "paragraph2": "Penderfynwyd y cais hwn ar {{-date}}.",
      "refused": "Gwrthodwyd",
    },
    "preapplication": {
      "paragraph1": "Disgwylir i'r cais gael ei gyflwyno {{-date}}.",
      "paragraph2": "Pan fyddwn yn cael y cais, bydd gennym 28 niwrnod i benderfynu p'un ai ei dderbyn i'w archwilio.",
      "paragraph3": "Os derbyniwn y cais, gallwch gofrestru i leisio'ch barn a gweld holl ddogfennau'r cais.",
    },
    "preexamination": {
      "preReps": {
        "linkText1": "Dysgwch fwy am gofrestru i leisio'ch barn.",
        "paragraph1": "Gallwch weld dogfennau cais y prosiect i gael gwybod mwy am y cais.",
        "paragraph2": "Gallwch gofrestru i leisio'ch barn pan fydd y cyfnod cofrestru'n agor.",
      },
      "prelim": {
        "linkText1": "llythyr rheol 6",
        "linkText2": "Dysgwch fwy am gymryd rhan yn y cyfarfod rhagarweiniol",
        "paragraph1": "Bydd y cyfarfod rhagarweiniol ar gyfer y prosiect hwn yn cael ei gynnal ar: {{-date}}",
        "paragraph2": "Gallwch ddarllen y {{-link}} i gael gwybod sut i gymryd rhan.",
        "paragraph3": "Yn y cyfarfod hwn, bydd yr Awdurdod Archwilio'n esbonio sut bydd yn archwilio'r cais. Bydd hyn yn cynnwys amserlen yr archwiliad a'r materion y bydd yn canolbwyntio arnynt yn ystod yr archwiliad.",
      },
      "repsClosed": {
        "paragraph1": "Mae'r cyfnod cofrestru i leisio'ch barn am y prosiect hwn wedi cau. Os nad ydych wedi cofrestru a'ch bod yn cyflwyno gwybodaeth yn ystod y cam archwilio, mae'n bosibl na fydd yn cael ei chynnwys.",
        "paragraph2": "Cysylltwch â thîm achos y prosiect i gael gwybod mwy am sut i gymryd rhan os nad ydych wedi cofrestru.",
      },
      "repsOpen": {
        "buttonText1": "Cofrestrwch i leisio'ch barn",
        "linkText1": "gofrestru i leisio'ch barn",
        "paragraph1": "Os ydych eisiau gwneud sylwadau ar y prosiect arfaethedig hwn, gallwch {{-link}}.",
        "paragraph2": "Bydd y cyfnod cofrestru'n cau ar {{-date}} am 23:59.",
      },
      "repsPublished": {
        "linkText1": "weld sylwadau gan bobl eraill sydd wedi cofrestru",
        "paragraph1": "Rydym bellach wedi cyhoeddi'r holl sylwadau cofrestredig.",
        "paragraph2": "Gallwch {{-link}}.",
      },
    },
    "recommendation": {
      "paragraph1": "Y dyddiad a bennwyd ar gyfer cwblhau hyn yw {{-date}}",
    },
    "stage1name": "cyn-ymgeisio",
    "stage2name": "derbyn",
    "stage3name": "cyn-archwilio",
    "stage4name": "archwilio",
    "stage5name": "argymhelliad",
    "stage6name": "penderfyniad",
    "stage7name": "ôl-benderfyniad",
    "withdrawn": {
      "paragraph1": "Mae'r prosiect hwn wedi cael ei dynnu'n ôl.",
      "paragraph2": "Gallwch weld unrhyw ddogfennau a gwybodaeth hyd nes bydd y prosiect yn cael ei archifo.",
    },
  },
  "stageProgress": {
    "completed": "Wedi cwblhau",
    "inProgress": "Mewn cynnydd",
    "notStarted": "Dim wedi dechrau",
  },
  "subsectors": {
    "BC01": "At Ddefnydd Swyddfa",
    "BC02": "Ymchwil a Datblygiad Cynnyrch neu Brosesau",
    "BC03": "Proses neu Brosesau Diwydiannol",
    "BC04": "Storio neu Ddosbarthu Nwyddau",
    "BC05": "Cynadleddau",
    "BC06": "Arddangosfeydd",
    "BC07": "Chwaraeon",
    "BC08": "Hamdden",
    "BC09": "Twristiaeth",
    "EN01": "Gorsafoedd Cynhyrchu",
    "EN02": "Llinellau Trydan",
    "EN03": "Cyfleusterau Storio Nwy Tanddaearol",
    "EN04": "Cyfleusterau Nwy Naturiol Hylifol (LNG)",
    "EN05": "Cyfleusterau Derbyn Nwy",
    "EN06": "Piblinellau Trawsgludo Nwy",
    "EN07": "Piblinellau Eraill",
    "TR01": "Priffyrdd",
    "TR02": "Meysydd Awyr",
    "TR03": "Cyfleusterau Harbwr",
    "TR04": "Rheilffyrdd",
    "TR05": "Cyfnewidfeydd Rheilffyrdd Cludo Nwyddau",
    "WA01": "Argaeau a Chronfeydd Dŵr",
    "WA02": "Trosglwyddo Adnoddau Dŵr",
    "WS01": "Cyfleusterau Gwastraff Peryglus",
    "WW01": "Gweithfeydd Trin Dŵr Gwastraff",
  },
}
`;
