// Jest Snapshot v1, https://goo.gl/fbAQLP

exports[`scripts/google-analytics should initialise google analytics script 1`] = `
<body>
  <p
    id="gaId"
  >
    some-test-value
  </p>
  <script
    src="https://www.googletagmanager.com/gtag/js?id=some-test-value"
    type="text/javascript"
  />
  <script />
</body>
`;
