// Jest Snapshot v1, https://goo.gl/fbAQLP

exports[`pages/examination/_translations should return the correct English translations 1`] = `
{
  "addAnotherDeadlineItem": {
    "errorMessage1": "Select yes if you want to add another deadline item",
    "heading1": "Your responses to deadline items",
    "hintText1": "Do you need to respond to another deadline item?",
    "moreDeadlineItems": {
      "message1": "You have submitted against all available deadline items",
    },
    "noDeadlineItems": {
      "ctaText1": "Add a deadline item",
      "heading1": "You have not added a deadline item",
    },
    "title": "Your responses to deadline items",
  },
  "applicant": {
    "errorMessage1": "Select yes if you are {{-applicant}}",
    "title1": "Are you {{-applicant}}?",
  },
  "checkSubmissionItem": {
    "heading1": "Check your answers",
    "summaryListHeading1": "Deadline item",
    "summaryListHeading2": "How you've submitted your representation",
    "summaryListHeading3": "Documents uploaded",
    "summaryListHeading4": "Your comment",
    "summaryListHeading5": "Personal information",
    "summaryListHeading6": "Documents containing personal information",
    "summaryListHeading7": "Documents or comments containing personal information",
    "title": "Check your answers",
  },
  "checkYourAnswers": {
    "details": {
      "heading1": "Your details",
      "summaryListHeading1": "Interested party reference number available",
      "summaryListHeading2": "Interested party number",
      "summaryListHeading3": "Making submission for",
      "summaryListHeading4": "Applicant or not",
      "summaryListHeading5": {
        "behalf": "Submitting on behalf of",
        "fullName": "Full name",
        "orgName": "Organisation's name",
      },
      "summaryListHeading6": "Email Address",
    },
    "heading1": "Check your answers",
    "submissions": {
      "heading1": "Your submissions",
      "summaryListHeading1": "Deadline items added",
    },
    "title": "Check your answers",
    "warningText1": "You cannot make any further changes after you press submit.",
    "warningText2": "You cannot make any further changes after you press continue.",
  },
  "chooseDeadline": {
    "deadlineSummaryText": "View deadline items",
    "deadlineTitle": "{{-title}} closes on {{-date}}",
    "errorMessage1": "Select a deadline",
    "heading1": "Which deadline would you like to submit against?",
    "title": "Which deadline would you like to submit against?",
  },
  "email": {
    "heading1": "What's your email address?",
    "hintText1": "We'll use your email address to confirm we've received your submission. We will not publish your email address.",
    "title": "What's your email address?",
  },
  "enterComment": {
    "errorMessage1": "Enter a comment",
    "errorMessage2": "Your comment must be 65,234 characters or less",
    "heading1": "Make a comment",
    "hintText1": "You should not use racist, inflammatory or abusive language, or include personal information (also called special category information) about yourself or others in your comments.",
    "listItem1": "comments from children",
    "listItem10": "genetics",
    "listItem11": "physical characteristics",
    "listItem12": "sex life",
    "listItem13": "sexual orientation",
    "listItem2": "information relating to children",
    "listItem3": "information relating to health",
    "listItem4": "information relating to crime",
    "listItem5": "race",
    "listItem6": "ethnic origin",
    "listItem7": "politics",
    "listItem8": "religion",
    "listItem9": "trade union membership",
    "paragraph1": "Sensitive information refers to:",
    "paragraph2": "It also means any information relating to an individual's:",
    "summaryText1": "Examples of personal information",
    "title": "Make a comment",
  },
  "evidenceOrComment": {
    "errorMessage1": "Select if you want to upload supporting evidence or write a comment",
    "heading1": "How would you like to submit comments?",
    "options": {
      "both": "Make a comment and upload files",
      "comment": "Make a comment",
      "upload": "Upload files",
    },
    "title": "How would you like to submit comments?",
  },
  "hasInterestedPartyNumber": {
    "errorMessage1": "Select yes if you have an interested party reference number",
    "paragraph1": "This is a unique reference number that identifies you as an interested party. You will have been given this number when you registered.",
    "title1": "Do you have an interested party reference number?",
  },
  "haveYourSay": {
    "common": {
      "title1": "Have your say on an application",
    },
    "deadlinesOpen": {
      "heading1": "Before you start",
      "listItem1": "interested party number",
      "listItem2": "email address",
      "listItem3": "documents to support your comments if you plan to upload them",
      "listItem4": "name",
      "listItem5": "interested party number",
      "listItem6": "email address",
      "listItem7": "supporting documents if you plan to upload your documents",
      "paragraph1": "We'll ask for your personal details and your comments about this project.",
      "paragraph2": "If you're an individual and have registered as an interested party",
      "paragraph3": "You'll need your:",
      "paragraph4": "If you have not registered as an interested party, we'll ask you for your personal details and documents to support your comments if you plan to upload them.",
      "paragraph5": "If you're submitting comments as an organisation you work for",
      "paragraph6": "You'll need your organisation's:",
      "phrase1": "Use this service to have your say about the",
    },
    "noOpenDeadlines": {
      "paragraph1": "You cannot submit anything as there are no open deadlines.",
      "title1": "No Deadlines - Have your say on an application",
    },
  },
  "name": {
    "agent": {
      "errorMessage1": "Enter the full name of the person, household or organisation",
      "errorMessage2": "The full name of the person, household or organisation organisation's name must be between 1 and 255 characters",
      "heading1": "What's the full name of the person, household or organisation?",
      "title": "What's the full name of the person, household or organisation?",
    },
    "myself": {
      "errorMessage1": "Enter your full name",
      "errorMessage2": "Full name must be between 3 and 64 characters",
      "heading1": "What is your full name?",
      "title": "What is your full name?",
    },
    "organisation": {
      "errorMessage1": "Enter your organisation's name",
      "errorMessage2": "Your organisation's name must be between 1 and 255 characters",
      "heading1": "What's your organisation's name?",
      "title": "What's your organisation's name?",
    },
  },
  "personalInformation": {
    "errorMessage1": "Select yes if your submission contains personal information",
    "heading1": "Does your submission contain personal information?",
    "listItem1": "children",
    "listItem10": "biometrics",
    "listItem11": "sex life",
    "listItem12": "sexual orientation",
    "listItem2": "health",
    "listItem3": "crime",
    "listItem4": "race",
    "listItem5": "ethnic origin",
    "listItem6": "politics",
    "listItem7": "religion",
    "listItem8": "trade union membership",
    "listItem9": "genetics",
    "paragraph1": "Check if your submission contains information about:",
    "paragraph2": "This also includes any information relating to an individual's:",
    "title": "Submission has personal information or not",
  },
  "personalInformationWhich": {
    "commentFiles": {
      "errorMessage1": "Select files and comments that contain personal information",
      "heading1": "Which files and comments contain personal information?",
      "title": "Which files and comments contain personal information?",
    },
    "common": {
      "hintText1": "Select all that apply",
      "options": {
        "comment": "My comment",
      },
      "pretitle": "Deadline item:",
    },
    "files": {
      "errorMessage1": "Select files that contain personal information",
      "heading1": "Which files contain personal information?",
      "title": "Which files contain personal information?",
    },
  },
  "processingSubmission": {
    "ctaText1": "Process submission",
    "heading1": "Processing submission",
    "heading1NoScript": "Process submission",
    "paragraph1": "This may take a few minutes.",
    "subTitle1": "We are processing {{-itemCount}} item",
    "subTitle2": "We are processing {{-itemCount}} items",
    "title": "Process submission",
    "warningTextJSEnabled": "This may take several minutes. Do not refresh this page.",
    "warningTextNoScript": "Do not refresh this page or navigate away until processing is complete.",
  },
  "selectDeadline": {
    "errorMessage1": "Select an item",
    "heading1": "Which item would you like to submit against for this deadline?",
    "hintText1": "Select the item you want to submit against. You can submit against another item later.",
    "title": "Which item would you like to submit against for this deadline?",
  },
  "selectFile": {
    "errorMessage1": "Select a file",
    "errorMessage2": "{{-fileToUploadName}} is empty",
    "errorMessage3": "{{-fileToUploadName}} must be a JPG, BMP, PNG, TIF, TIFF, DOC, JPEG, XLS, XSLX or PDF.",
    "errorMessage4": "{{-fileToUploadName}} must be smaller than {{-size}}mb.",
    "errorMessage5": "You can only select a total of {{-limit}} files per submission",
    "heading1": "Select a file",
    "heading2": "Upload files",
    "helperText1": "Drag and drop files here or",
    "hintText1": "You should not use racist, inflammatory or abusive language, or include personal information (also called special category information) about yourself or others in your comments.",
    "insetText1": "You cannot submit the same file against multiple deadline items.",
    "listItem1": "PDF, PNG, DOC, DOCX, JPG, JPEG, TIF, TIFF, XLS or XSLX",
    "listItem10": "politics",
    "listItem11": "religion",
    "listItem12": "trade union membership",
    "listItem13": "genetics",
    "listItem14": "physical characteristics",
    "listItem15": "sex life",
    "listItem16": "sexual orientation",
    "listItem2": "a single document not compressed as a zip file",
    "listItem3": "smaller than {{-maxFileSizeInMb}}mb",
    "listItem4": "comments from children",
    "listItem5": "information relating to children",
    "listItem6": "information relating to health",
    "listItem7": "information relating to crime",
    "listItem8": "race",
    "listItem9": "ethnic origin",
    "paragraph1": "Your files need to be:",
    "paragraph2": "Sensitive information refers to:",
    "paragraph3": "It also means any information relating to an individual's:",
    "summaryText1": "Examples of personal information",
    "title": "Select a file",
  },
  "selectIfWantToDeleteData": {
    "errorMessage1": "Select yes if you need to delete data for this item",
    "heading1": "Are you sure you want to delete data for this item?",
    "title": "Are you sure you want to delete data for this item?",
  },
  "submissionComplete": {
    "heading1": "Submission Complete",
    "heading2": "Contact us",
    "heading3": "Telephone",
    "heading4": "Email",
    "heading5": "Alternative formats",
    "notificationText1": "Your submission reference number",
    "paragraph1": "We have received your submission. Make a note of your reference number.",
    "paragraph2LinkText": "Go back to the project page",
    "paragraph3": "If you have an interested party reference number, have it with you when you call.",
    "paragraph4": "When you're writing an email, quote the name of the project in the subject line.",
    "paragraph5": "We aim to respond within 10 working days.",
    "paragraph6": "Call or email to ask for project documents in alternative formats such as PDF, large print, easy read, audio recording or braille.",
    "paragraph7": "{{-link}} by completing a short survey.",
    "paragraph7LinkText": "Tell us what you thought about this service",
    "title": "Submission Complete",
  },
  "submissionError": {
    "ariaLabel1": "Send an email to the project team",
    "heading1": "Sorry, there is a problem with the service",
    "paragraph1": "You'll be able to use the service again later.",
    "paragraph2": "Sorry, your information has not been saved.",
    "paragraph3": "You will need to {{-link}}.",
    "paragraph3LinkText": "retry and process your submission again",
    "paragraph4": "If you have an interested party number, have it with you when you call.",
    "paragraph5": "We aim to respond within 10 working days.",
    "title": "Sorry, there is a problem with the service",
  },
  "submittingFor": {
    "errorMessage1": "Select who you are submitting for",
    "hintText1": "If you've not registered as an interested party you can still submit comments, but we may not accept them.",
    "options": {
      "agent": "On behalf of another person, a household or another organisation I do not work for",
      "myself": "Myself",
      "organisation": "An organisation I work for",
    },
    "title1": "Who are you making the submission for?",
  },
  "yourInterestedPartyNumber": {
    "errorMessage1": "Enter your interested party number",
    "errorMessage2": "Your interested party number must be between 3 and 20 characters",
    "pageTitle1": "What's your interested party reference number?",
  },
}
`;

exports[`pages/examination/_translations should return the correct Welsh translations 1`] = `
{
  "addAnotherDeadlineItem": {
    "errorMessage1": "Dewiswch 'oes' os ydych eisiau ychwanegu eitem terfyn amser arall ",
    "heading1": "Eich ymatebion i eitemau dyddiad cau",
    "hintText1": "Oes angen i chi ymateb i eitem dyddiad cau arall?",
    "moreDeadlineItems": {
      "message1": "Rydych wedi cyflwyno yn erbyn yr holl eitemau dyddiad terfyn amser sydd ar gael",
    },
    "noDeadlineItems": {
      "ctaText1": "Ychwanegu eitem dyddiad cau",
      "heading1": "Nid ydych wedi ychwanegu eitem dyddiad cau",
    },
    "title": "Eich ymatebion i eitemau dyddiad cau",
  },
  "applicant": {
    "errorMessage1": "Dewiswch 'ydw' os ydych chi'n {{-applicant}}",
    "title1": "A ydych chi'n {{-applicant}}?",
  },
  "checkSubmissionItem": {
    "heading1": "Gwiriwch eich atebion",
    "summaryListHeading1": "Eitem terfyn amser",
    "summaryListHeading2": "Sut rydych wedi cyflwyno'ch sylw",
    "summaryListHeading3": "Dogfennau wedi'u lanlwytho",
    "summaryListHeading4": "Eich sylw",
    "summaryListHeading5": "Gwybodaeth bersonol",
    "summaryListHeading6": "Dogfennau sy'n cynnwys gwybodaeth bersonol",
    "summaryListHeading7": "Dogfennau neu sylwadau sy’n cynnwys gwybodaeth bersonol",
    "title": "Gwiriwch eich atebion",
  },
  "checkYourAnswers": {
    "details": {
      "heading1": "Eich manylion",
      "summaryListHeading1": "Rhif cyfeirnod parti â buddiant ar gael",
      "summaryListHeading2": "Eich rhif parti â buddiant",
      "summaryListHeading3": "Yn gwneud cyflwyniad ar ran",
      "summaryListHeading4": "Ymgeisydd neu ddim",
      "summaryListHeading5": {
        "behalf": "Yn cyflwyno ar ran",
        "fullName": "Enw llawn",
        "orgName": "Enw'r sefydliad",
      },
      "summaryListHeading6": "Cyfeiriad e-bost",
    },
    "heading1": "Gwiriwch eich atebion",
    "submissions": {
      "heading1": "Eich cyflwyniadau",
      "summaryListHeading1": "Eitemau terfyn amser wedi'u hychwanegu",
    },
    "title": "Gwiriwch eich atebion",
    "warningText1": "Ni allwch wneud unrhyw newidiadau pellach ar ôl i chi wasgu cyflwyno.",
    "warningText2": "Ni allwch wneud unrhyw newidiadau pellach ar ôl i chi bwyso parhau.",
  },
  "chooseDeadline": {
    "deadlineSummaryText": "Gweld sitemap terfyn amser",
    "deadlineTitle": "{{-title}} yn cau ar {{-date}}",
    "errorMessage1": "Dewiswch derfyn amser",
    "heading1": "Pa derfyn amser y mae'ch cyflwyniad yn berthnasol iddo?",
    "title": "Pa derfyn amser y mae'ch cyflwyniad yn berthnasol iddo?",
  },
  "email": {
    "heading1": "Beth yw'ch cyfeiriad e-bost?",
    "hintText1": "Byddwn yn defnyddio'ch cyfeiriad e-bost i gadarnhau ein bod wedi derbyn eich cyflwyniad. Ni fyddwn yn cyhoeddi eich cyfeiriad e-bost.",
    "title": "Beth yw'ch cyfeiriad e-bost?",
  },
  "enterComment": {
    "errorMessage1": "Nodwch sylw",
    "errorMessage2": "Mae'n rhaid i'ch sylw gynnwys 65,234 o nodau neu lai",
    "heading1": "Gwneud sylw",
    "hintText1": "Ni ddylech ddefnyddio iaith hiliol, ymfflamychol na difrïol, na chynnwys gwybodaeth bersonol (a elwir yn wybodaeth categori arbennig hefyd) amdanoch chi'ch hun neu bobl eraill yn eich sylwadau.",
    "listItem1": "sylwadau gan blant",
    "listItem10": "geneteg",
    "listItem11": "nodweddion corfforol",
    "listItem12": "bywyd rhywiol",
    "listItem13": "cyfeiriadedd rhywiol",
    "listItem2": "gwybodaeth yn ymwneud â phlant",
    "listItem3": "gwybodaeth yn ymwneud ag iechyd",
    "listItem4": "gwybodaeth yn ymwneud â throseddu",
    "listItem5": "hil",
    "listItem6": "tarddiad ethnig",
    "listItem7": "gwleidyddiaeth",
    "listItem8": "crefydd",
    "listItem9": "aelodaeth ag undeb llafur",
    "paragraph1": "Mae gwybodaeth sensitif yn cyfeirio at:",
    "paragraph2": "Mae hefyd yn golygu unrhyw wybodaeth sy'n ymwneud â nodweddion canlynol unigolyn: ",
    "summaryText1": "Enghreifftiau o wybodaeth bersonol",
    "title": "Gwneud sylw",
  },
  "evidenceOrComment": {
    "errorMessage1": "Dewiswch a ydych eisiau lanlwytho tystiolaeth ategol neu ysgrifennu sylw",
    "heading1": "Sut hoffech chi gyflwyno sylwadau?",
    "options": {
      "both": "Gwneud sylw a lanlwytho ffeiliau",
      "comment": "Gwneud sylw",
      "upload": "Lanlwytho ffeiliau",
    },
    "title": "Sut hoffech chi gyflwyno sylwadau?",
  },
  "hasInterestedPartyNumber": {
    "errorMessage1": "Dewiswch 'oes' os oes gennych rif parti â buddiant",
    "paragraph1": "Rhif cyfeirnod unigryw yw hwn sy'n eich adnabod fel parti â buddiant. Byddwch wedi cael y rhif hwn pan wnaethoch gofrestru.",
    "title1": "A oes gennych chi rif cyfeirnod parti â buddiant?",
  },
  "haveYourSay": {
    "common": {
      "title1": "Lleisio'ch barn am gais",
    },
    "deadlinesOpen": {
      "heading1": "Cyn i chi ddechrau",
      "listItem1": "eich rhif parti â buddiant",
      "listItem2": "eich cyfeiriad e-bost",
      "listItem3": "dogfennau i gefnogi'ch sylwadau os ydych yn bwriadu eu lanlwytho",
      "listItem4": "enw",
      "listItem5": "rhif parti â buddiant",
      "listItem6": "cyfeiriad e-bost",
      "listItem7": "dogfennau ategol os ydych yn bwriadu lanlwytho'ch dogfennau",
      "paragraph1": "Byddwn yn gofyn am eich manylion personol a'ch sylwadau ynglŷn â'r prosiect hwn.",
      "paragraph2": "Os ydych yn unigolyn ac wedi cofrestru fel parti â buddiant",
      "paragraph3": "Bydd arnoch angen:",
      "paragraph4": "Os nad ydych wedi cofrestreu fel parti â buddiant, byddwn yn gofyn am eich manylion personol a dogfennau i gefnogi'ch sylwadau os ydych yn bwriadu eu lanlwytho.",
      "paragraph5": "Os ydych yn cyflwyno sylwadau fel sefydliad rydych yn gweithio iddo",
      "paragraph6": "Bydd arnoch angen y canlynol ar gyfer eich sefydliad:",
      "phrase1": "Defnyddiwch y gwasanaeth hwn i leisio'ch barn am",
    },
    "noOpenDeadlines": {
      "paragraph1": "Ni allwch gyflwyno unrhyw beth gan nad oes dyddiadau cau ar agor.",
      "title1": "Dim Dyddiadau Cau - Lleisio'ch barn am gais",
    },
  },
  "name": {
    "agent": {
      "errorMessage1": "Nodwch enw llawn yr unigolyn, yr aelwyd neu'r sefydliad",
      "errorMessage2": "Mae'n rhaid i enw llawn yr unigolyn, yr aelwyd neu'r sefydliad gynnwys rhwng 1 a 255 o nodau",
      "heading1": "Beth yw enw llawn yr unigolyn, yr aelwyd neu'r sefydliad?",
      "title": "Beth yw enw llawn yr unigolyn, yr aelwyd neu'r sefydliad?",
    },
    "myself": {
      "errorMessage1": "Nodwch eich enw llawn",
      "errorMessage2": "Mae'n rhaid i'ch enw llawn gynnwys rhwng 3 a 64 o nodau",
      "heading1": "Beth yw'ch enw llawn?",
      "title": "Beth yw'ch enw llawn?",
    },
    "organisation": {
      "errorMessage1": "Nodwch enw eich sefydliad",
      "errorMessage2": "Rhaid i enw eich sefydliad fod rhwng 1 a 255 nod",
      "heading1": "Beth yw enw eich sefydliad?",
      "title": "Beth yw enw eich sefydliad?",
    },
  },
  "personalInformation": {
    "errorMessage1": "Dewiswch 'ydyw' os yw'ch cyflwyniad yn cynnwys gwybodaeth bersonol",
    "heading1": "A yw'ch cyflwyniad yn cynnwys gwybodaeth bersonol?",
    "listItem1": "blant",
    "listItem10": "biometreg",
    "listItem11": "bywyd rhywiol",
    "listItem12": "cyfeiriadedd rhywiol",
    "listItem2": "iechyd",
    "listItem3": "troseddu",
    "listItem4": "hil",
    "listItem5": "tarddiad ethnig",
    "listItem6": "gwleidyddiaeth",
    "listItem7": "crefydd",
    "listItem8": "aelodaeth ag undeb llafur",
    "listItem9": "geneteg",
    "paragraph1": "Gwiriwch a yw'ch cyflwyniad yn cynnwys gwybodaeth am:",
    "paragraph2": "Mae hyn hefyd yn cynnwys unrhyw wybodaeth sy'n ymwneud â nodweddion canlynol unigolyn:",
    "title": "Mae gan y cyflwyniad wybodaeth bersonol neu ddim",
  },
  "personalInformationWhich": {
    "commentFiles": {
      "errorMessage1": "Dewiswch y ffeiliau a'r sylwadau sy'n cynnwys gwybodaeth bersonol",
      "heading1": "Pa ffeiliau a sylwadau sy'n cynnwys gwybodaeth bersonol?",
      "title": "Pa ffeiliau a sylwadau sy'n cynnwys gwybodaeth bersonol?",
    },
    "common": {
      "hintText1": "Dewiswch bob un sy'n berthnasol",
      "options": {
        "comment": "Fy sylw",
      },
      "pretitle": "Eitem terfyn amser:",
    },
    "files": {
      "errorMessage1": "Select files that contain personal information",
      "heading1": "Pa ffeiliau sy'n cynnwys gwybodaeth bersonol?",
      "title": "Pa ffeiliau sy'n cynnwys gwybodaeth bersonol?",
    },
  },
  "processingSubmission": {
    "ctaText1": "Prosesu'r cyflwyniad",
    "heading1": "Prosesu cyflwyniad",
    "heading1NoScript": "Prosesu'r cyflwyniad",
    "paragraph1": "Fe allai hyn gymryd ychydig funudau.",
    "subTitle1": "Rydym yn prosesu {{-itemCount}} eitem",
    "subTitle2": "Rydym yn prosesu {{-itemCount}} eitem",
    "title": "Prosesu'r cyflwyniad",
    "warningTextJSEnabled": "Gall hyn gymryd sawl munud. Peidiwch ag adnewyddu'r dudalen hon.",
    "warningTextNoScript": "Peidiwch ag adnewyddu'r dudalen hon na llywio i ffwrdd hyd nes bod y cam prosesu wedi'i gwblhau.",
  },
  "selectDeadline": {
    "errorMessage1": "Dewiswch eitem",
    "heading1": "Pa eitem yr hoffech wneud cyflwyniad ynglŷn â hi ar gyfer y terfyn amser hwn?",
    "hintText1": "Dewiswch yr eitem yr hoffech wneud cyflwyniad ynglŷn â hi. Gallwch wneud cyflwyniad ynglŷn ag eitem arall yn ddiweddarach.",
    "title": "Pa eitem yr hoffech wneud cyflwyniad ynglŷn â hi ar gyfer y terfyn amser hwn?",
  },
  "selectFile": {
    "errorMessage1": "Dewiswch ffeil",
    "errorMessage2": "Mae {{-fileToUploadName}} yn wag",
    "errorMessage3": "Mae'n rhaid i'r ffeil {{-fileToUploadName}} a ddewisir fod yn JPG, BMP, PNG, TIF, TIFF, DOC, JPEG, XLS, XSLX neu PDF.",
    "errorMessage4": "Mae'n rhaid i {{-fileToUploadName}} fod yn llai na {{-size}}mb.",
    "errorMessage5": "Gallwch ddewis cyfanswm o {{-limit}} o ffeiliau yn unig fesul cyflwyniad",
    "heading1": "Lanlwytho ffeiliau",
    "heading2": "Lanlwytho ffeiliau",
    "helperText1": "Llusgwch a gollyngwch ffeiliau yma neu",
    "hintText1": "Ni ddylech ddefnyddio iaith hiliol, ymfflamychol na difrïol, na chynnwys gwybodaeth bersonol (a elwir yn wybodaeth categori arbennig hefyd) amdanoch chi'ch hun neu bobl eraill yn eich sylwadau.",
    "insetText1": "Ni allwch gyflwyno'r un ffeil ynglŷn â nifer o eitemau terfyn amser.",
    "listItem1": "PDF, PNG, DOC, DOCX, JPG, JPEG, TIF, TIFF, XLS neu XSLX",
    "listItem10": "gwleidyddiaeth",
    "listItem11": "crefydd",
    "listItem12": "aelodaeth ag undeb llafur",
    "listItem13": "geneteg",
    "listItem14": "nodweddion corfforol",
    "listItem15": "bywyd rhywiol",
    "listItem16": "cyfeiriadedd rhywiol",
    "listItem2": "dogfen unigol nad yw wedi'i chywasgu fel ffeil sip",
    "listItem3": "llai na {{-maxFileSizeInMb}}mb",
    "listItem4": "sylwadau gan blant",
    "listItem5": "gwybodaeth yn ymwneud â phlant",
    "listItem6": "gwybodaeth yn ymwneud ag iechyd",
    "listItem7": "gwybodaeth yn ymwneud â throseddu",
    "listItem8": "hil",
    "listItem9": "tarddiad ethnig",
    "paragraph1": "Mae angen i'ch ffeiliau fod yn:",
    "paragraph2": "Mae gwybodaeth sensitif yn cyfeirio at:",
    "paragraph3": "Mae hefyd yn golygu unrhyw wybodaeth sy'n ymwneud â nodweddion canlynol unigolyn:",
    "summaryText1": "Enghreifftiau o wybodaeth bersonol",
    "title": "Lanlwytho ffeiliau",
  },
  "selectIfWantToDeleteData": {
    "errorMessage1": "Dewiswch ie os oes angen i chi ddileu data ar gyfer yr eitem hon",
    "heading1": "Ydych chi'n siŵr eich bod am ddileu data ar gyfer yr eitem hon?",
    "title": "Ydych chi'n siŵr eich bod am ddileu data ar gyfer yr eitem hon?",
  },
  "submissionComplete": {
    "heading1": "Cyflwyniad wedi'i Gwblhau",
    "heading2": "Cysylltu â ni",
    "heading3": "Ffoniwch",
    "heading4": "Anfonwch neges e-bost",
    "heading5": "Fformatau amgen",
    "notificationText1": "Rhif cyfeirnod eich cyflwyniad",
    "paragraph1": "Rydym wedi derbyn eich cyflwyniad. Gwnewch nodyn o'ch rhif cyfeirnod.",
    "paragraph2LinkText": "Dychwelyd i dudalen y prosiect",
    "paragraph3": "Os oes gennych rif cyfeirnod parti â buddiant, cadwch ef wrth law pan fyddwch yn ffonio.",
    "paragraph4": "Pan fyddwch yn ysgrifennu neges e-bost, rhowch enw'r prosiect yn y llinell bwnc.",
    "paragraph5": "Ceisiwn ymateb o fewn 10 niwrnod gwaith.",
    "paragraph6": "Ffoniwch neu anfonwch neges e-bost i ofyn am ddogfennau'r prosiect mewn fformat amgen fel PDF, print bras, fersiwn hawdd ei darllen, recordiad sain neu braille.",
    "paragraph7": "{{-link}} rwy gwblhau arolwg byr.",
    "paragraph7LinkText": "Rhowch eich barn i ni am y gwasanaeth hwn",
    "title": "Cyflwyniad wedi'i Gwblhau",
  },
  "submissionError": {
    "ariaLabel1": "Anfonwch neges e-bost at dîm y prosiect",
    "heading1": "Yn anffodus, mae yna broblem gyda'r gwasanaeth",
    "paragraph1": "Fe allwch ddefnyddio'r gwasanaeth eto yn ddiweddarach.",
    "paragraph2": "Yn anffodus, nid yw'ch gwybodaeth wedi cael ei harbed.",
    "paragraph3": "Bydd angen i chi {{-link}}.",
    "paragraph3LinkText": "roi cynnig arall arni a phrosesu eich cyflwyniad eto",
    "paragraph4": "Os oes gennych rif parti â buddiant, cadwch ef wrth law pan fyddwch yn ffonio.",
    "paragraph5": "Ceisiwn ymateb o fewn 10 niwrnod gwaith.",
    "title": "Yn anffodus, mae yna broblem gyda'r gwasanaeth",
  },
  "submittingFor": {
    "errorMessage1": "Dewiswch ar ran pwy rydych chi'n cyflwyno",
    "hintText1": "Os nad ydych wedi cofrestru fel parti â diddordeb gallwch gyflwyno sylwadau o hyd, ond efallai na fyddwn yn eu derbyn.",
    "options": {
      "agent": "Ar ran unigolyn arall, aelwyd neu sefydliad arall nad wyf yn gweithio iddo",
      "myself": "Fi fy hun",
      "organisation": "Sefydliad rwyf yn gweithio iddo",
    },
    "title1": "Ar ran pwy ydych chi'n gwneud y cyflwyniad? ",
  },
  "yourInterestedPartyNumber": {
    "errorMessage1": "Nodwch eich rhif parti â buddiant",
    "errorMessage2": "Mae'n rhaid i'ch rhif parti â buddiant gynnwys rhwng 3 ac 20 o nodau",
    "pageTitle1": "Beth yw'ch rhif cyfeirnod parti â buddiant?",
  },
}
`;
